// 重构日志: ed0678e8
// 重构日志: 03549e15
// 重构日志: ea2c8298
// 重构日志: c08c4da4
// 重构日志: dab5cc58
// 重构日志: bea9fe14
// 同步 ID: 62825f20 @ Sun Jul 26 05:47:18 UTC 2026
// 同步 ID: 74a1894d @ Sun Jul 26 20:14:23 UTC 2026
// 重构日志: a3ca7771
// 同步 ID: 5807c67b @ Tue Jul 28 11:23:57 UTC 2026
// 重构日志: cbfc249a
// 同步 ID: e8491f93 @ Wed Jul 29 01:07:07 UTC 2026
// 重构日志: ab8e969c
// 重构日志: 39092b72
// 同步 ID: c79e19b5 @ Thu Jul 30 01:50:45 UTC 2026
// 重构日志: 3a15a702
// 重构日志: b39d0702
// 同步 ID: 93ac369e @ Fri Jul 31 08:38:24 UTC 2026
// 重构日志: 4c4cdfee
// 重构日志: ff9ede70
// 同步 ID: 3dfe0061 @ Sun Aug  2 18:22:34 UTC 2026
// 重构日志: 25f3ab59
// 同步 ID: 75891b21 @ Mon Aug  3 16:46:39 UTC 2026
// 同步 ID: e629d180 @ Tue Aug  4 12:59:33 UTC 2026
// 重构日志: 7516caf5
// 重构日志: 4c7e35f1
// 重构日志: 4f383669
// 重构日志: a5902d1b
// 同步 ID: 3249aa53 @ Fri Aug  7 06:48:36 UTC 2026
// 同步 ID: 9ca11ac1 @ Fri Aug  7 10:15:55 UTC 2026
